// Jest Snapshot v1, https://goo.gl/fbAQLP

exports[`Header component renders Header 1`] = `
<DocumentFragment>
  <div
    class="light"
  >
    <p>
      Welcome to Dimension C-132
    </p>
    <a
      class="nav-link-button"
      href="/"
    >
      | Home |
    </a>
    <button>
      Toggle Dark Mode
    </button>
    <p>
      -----------------------------------------------------
    </p>
  </div>
</DocumentFragment>
`;
