// Jest Snapshot v1, https://goo.gl/fbAQLP

exports[`App component renders App 1`] = `
<DocumentFragment>
  <div>
    <div>
      <p>
        Welcome to Dimension C-132
      </p>
      <a
        class="nav-link-button"
        href="/"
      >
        | Home |
      </a>
      <p>
        -----------------------------------------------------
      </p>
    </div>
    <h1>
       Still loading the universe
    </h1>
  </div>
</DocumentFragment>
`;
